[2m۱۷:۲۷:۲۴[22m [31m[1m[vite][22m[39m [31m[2m(client)[22m[39m Pre-transform error: Transform failed with 1 error:

[31m[PARSE_ERROR] [0mUnterminated string
     [38;5;246m╭[0m[38;5;246m─[0m[38;5;246m[[0m src/i18n/fa.ts:155:24 [38;5;246m][0m
     [38;5;246m│[0m
 [38;5;246m155 │[0m [38;5;249m [0m[38;5;249m [0m[38;5;249m [0m[38;5;249m [0m[38;5;249ms[0m[38;5;249me[0m[38;5;249ma[0m[38;5;249mr[0m[38;5;249mc[0m[38;5;249mh[0m[38;5;249mP[0m[38;5;249ml[0m[38;5;249ma[0m[38;5;249mc[0m[38;5;249me[0m[38;5;249mh[0m[38;5;249mo[0m[38;5;249ml[0m[38;5;249md[0m[38;5;249me[0m[38;5;249mr[0m[38;5;249m:[0m[38;5;249m [0m",
 [38;5;240m    │[0m                        ─┬─  
 [38;5;240m    │[0m                         ╰─── 
[38;5;246m─────╯[0m

  Plugin: [35mvite:oxc[39m
  File: [36mC:/MyFiles/Repo/carbook/src/i18n/fa.ts[39m
[2m۱۷:۲۷:۲۴[22m [31m[1m[vite][22m[39m [31m[2m(client)[22m[39m Pre-transform error: Transform failed with 1 error:

[31m[PARSE_ERROR] [0mUnterminated string
     [38;5;246m╭[0m[38;5;246m─[0m[38;5;246m[[0m src/i18n/fa.ts:155:24 [38;5;246m][0m
     [38;5;246m│[0m
 [38;5;246m155 │[0m [38;5;249m [0m[38;5;249m [0m[38;5;249m [0m[38;5;249m [0m[38;5;249ms[0m[38;5;249me[0m[38;5;249ma[0m[38;5;249mr[0m[38;5;249mc[0m[38;5;249mh[0m[38;5;249mP[0m[38;5;249ml[0m[38;5;249ma[0m[38;5;249mc[0m[38;5;249me[0m[38;5;249mh[0m[38;5;249mo[0m[38;5;249ml[0m[38;5;249md[0m[38;5;249me[0m[38;5;249mr[0m[38;5;249m:[0m[38;5;249m [0m",
 [38;5;240m    │[0m                        ─┬─  
 [38;5;240m    │[0m                         ╰─── 
[38;5;246m─────╯[0m

  Plugin: [35mvite:oxc[39m
  File: [36mC:/MyFiles/Repo/carbook/src/i18n/fa.ts[39m
[2m۱۷:۲۷:۲۴[22m [31m[1m[vite][22m[39m [31mInternal server error: Transform failed with 1 error:

[31m[PARSE_ERROR] [0mUnterminated string
     [38;5;246m╭[0m[38;5;246m─[0m[38;5;246m[[0m src/i18n/fa.ts:155:24 [38;5;246m][0m
     [38;5;246m│[0m
 [38;5;246m155 │[0m [38;5;249m [0m[38;5;249m [0m[38;5;249m [0m[38;5;249m [0m[38;5;249ms[0m[38;5;249me[0m[38;5;249ma[0m[38;5;249mr[0m[38;5;249mc[0m[38;5;249mh[0m[38;5;249mP[0m[38;5;249ml[0m[38;5;249ma[0m[38;5;249mc[0m[38;5;249me[0m[38;5;249mh[0m[38;5;249mo[0m[38;5;249ml[0m[38;5;249md[0m[38;5;249me[0m[38;5;249mr[0m[38;5;249m:[0m[38;5;249m [0m",
 [38;5;240m    │[0m                        ─┬─  
 [38;5;240m    │[0m                         ╰─── 
[38;5;246m─────╯[0m
[39m
  Plugin: [35mvite:oxc[39m
  File: [36mC:/MyFiles/Repo/carbook/src/i18n/fa.ts[39m
      at transformWithOxc (file:///C:/MyFiles/Repo/carbook/node_modules/vite/dist/node/chunks/node.js:4103:19)
      at TransformPluginContext.transform (file:///C:/MyFiles/Repo/carbook/node_modules/vite/dist/node/chunks/node.js:4174:26)
      at EnvironmentPluginContainer.transform (file:///C:/MyFiles/Repo/carbook/node_modules/vite/dist/node/chunks/node.js:30932:51)
      at async loadAndTransform (file:///C:/MyFiles/Repo/carbook/node_modules/vite/dist/node/chunks/node.js:20671:26)
      at async viteTransformMiddleware (file:///C:/MyFiles/Repo/carbook/node_modules/vite/dist/node/chunks/node.js:25205:20)
