
> car-maintenance-tracker@0.1.0 dev
> vite


  [32m[1mVITE[22m v8.2.2[39m  [2mready in [0m[1m236[22m[2m[0m ms[22m

  [32m➜[39m  [1mLocal[22m:   [36mhttp://localhost:[1m5173[22m/[39m
[2m  [32m➜[39m  [1mNetwork[22m[2m: use [22m[1m--host[22m[2m to expose[22m
[2m۱۶:۴۶:۴۷[22m [36m[1m[vite][22m[39m [90m[2m(client)[22m[39m [32mhmr update [39m[2m/src/styles/tokens.css[22m
[2m۱۶:۴۶:۵۴[22m [36m[1m[vite][22m[39m [90m[2m(client)[22m[39m [32mpage reload [39m[2msrc/ui/theme.ts[22m
[2m۱۶:۴۶:۵۹[22m [36m[1m[vite][22m[39m [90m[2m(client)[22m[39m [32mpage reload [39m[2mindex.html[22m
[2m۱۶:۴۷:۴۲[22m [36m[1m[vite][22m[39m [90m[2m(client)[22m[39m [32mhmr update [39m[2m/src/styles/tokens.css[22m
[2m۱۶:۴۸:۰۷[22m [36m[1m[vite][22m[39m [90m[2m(client)[22m[39m [32mhmr update [39m[2m/src/styles/tokens.css[22m
[2m۱۶:۵۵:۳۸[22m [36m[1m[vite][22m[39m [90m[2m(client)[22m[39m [32mhmr update [39m[2m/src/styles/tokens.css[22m
[2m۱۶:۵۵:۵۸[22m [36m[1m[vite][22m[39m [90m[2m(client)[22m[39m [32mpage reload [39m[2mindex.html[22m
[2m۱۶:۵۵:۵۸[22m [36m[1m[vite][22m[39m [90m[2m(client)[22m[39m [32mpage reload [39m[2msrc/ui/theme.ts[22m
[2m۱۶:۵۶:۱۰[22m [36m[1m[vite][22m[39m [90m[2m(client)[22m[39m [32mhmr update [39m[2m/src/styles/tokens.css[22m
[2m۱۶:۵۸:۵۴[22m [36m[1m[vite][22m[39m [90m[2m(client)[22m[39m [32mhmr update [39m[2m/src/styles/tokens.css[22m
[2m۱۷:۰۲:۱۳[22m [36m[1m[vite][22m[39m [90m[2m(client)[22m[39m [32mhmr update [39m[2m/src/styles/layout.css[22m
[2m۱۷:۰۴:۵۵[22m [36m[1m[vite][22m[39m [90m[2m(client)[22m[39m [32mhmr update [39m[2m/src/styles/layout.css[22m
[2m۱۷:۰۵:۲۹[22m [36m[1m[vite][22m[39m [90m[2m(client)[22m[39m [32mhmr update [39m[2m/src/styles/layout.css[22m
[2m۱۷:۰۹:۵۵[22m [36m[1m[vite][22m[39m [90m[2m(client)[22m[39m [32mpage reload [39m[2msrc/main.ts[22m
[2m۱۷:۱۰:۰۹[22m [36m[1m[vite][22m[39m [90m[2m(client)[22m[39m [32mhmr update [39m[2m/src/styles/layout.css[22m
